// Jest Snapshot v1, https://goo.gl/fbAQLP

exports[`ListItem component ListItem snapshot 1`] = `
Object {
  "asFragment": [Function],
  "baseElement": <body>
    <div>
      <li
        class="list-item"
        style="opacity: 0;"
      >
        <span
          class="text"
          role="term"
        >
          Task 1
        </span>
        <button
          class="button exclamation"
          title="Exclamation"
          type="button"
        >
          <svg>
            exclamation.svg
          </svg>
        </button>
        <button
          class="button trash"
          title="Trash"
          type="button"
        >
          <svg>
            trash.svg
          </svg>
        </button>
      </li>
    </div>
  </body>,
  "container": <div>
    <li
      class="list-item"
      style="opacity: 0;"
    >
      <span
        class="text"
        role="term"
      >
        Task 1
      </span>
      <button
        class="button exclamation"
        title="Exclamation"
        type="button"
      >
        <svg>
          exclamation.svg
        </svg>
      </button>
      <button
        class="button trash"
        title="Trash"
        type="button"
      >
        <svg>
          trash.svg
        </svg>
      </button>
    </li>
  </div>,
  "debug": [Function],
  "findAllByAltText": [Function],
  "findAllByDisplayValue": [Function],
  "findAllByLabelText": [Function],
  "findAllByPlaceholderText": [Function],
  "findAllByRole": [Function],
  "findAllByTestId": [Function],
  "findAllByText": [Function],
  "findAllByTitle": [Function],
  "findByAltText": [Function],
  "findByDisplayValue": [Function],
  "findByLabelText": [Function],
  "findByPlaceholderText": [Function],
  "findByRole": [Function],
  "findByTestId": [Function],
  "findByText": [Function],
  "findByTitle": [Function],
  "getAllByAltText": [Function],
  "getAllByDisplayValue": [Function],
  "getAllByLabelText": [Function],
  "getAllByPlaceholderText": [Function],
  "getAllByRole": [Function],
  "getAllByTestId": [Function],
  "getAllByText": [Function],
  "getAllByTitle": [Function],
  "getByAltText": [Function],
  "getByDisplayValue": [Function],
  "getByLabelText": [Function],
  "getByPlaceholderText": [Function],
  "getByRole": [Function],
  "getByTestId": [Function],
  "getByText": [Function],
  "getByTitle": [Function],
  "queryAllByAltText": [Function],
  "queryAllByDisplayValue": [Function],
  "queryAllByLabelText": [Function],
  "queryAllByPlaceholderText": [Function],
  "queryAllByRole": [Function],
  "queryAllByTestId": [Function],
  "queryAllByText": [Function],
  "queryAllByTitle": [Function],
  "queryByAltText": [Function],
  "queryByDisplayValue": [Function],
  "queryByLabelText": [Function],
  "queryByPlaceholderText": [Function],
  "queryByRole": [Function],
  "queryByTestId": [Function],
  "queryByText": [Function],
  "queryByTitle": [Function],
  "rerender": [Function],
  "unmount": [Function],
}
`;
